
 Start  Stop   Length Name               Class

 00000H 02519H 0251AH _TEXT              CODE
 0251AH 02849H 00330H TEST_TEXT          CODE
 0284AH 0291FH 000D6H OS_CPU_A_TEXT      CODE
 02920H 02AF5H 001D6H OS_CPU_C_TEXT      CODE
 02AF6H 02E72H 0037DH PC_TEXT            CODE
 02E73H 067F0H 0397EH UCOS_II_TEXT       CODE
 06800H 06800H 00000H _FARDATA           FAR_DATA
 06800H 06800H 00000H _FARBSS            FAR_BSS
 06800H 06800H 00000H _OVERLAY_          OVRINFO
 06800H 06800H 00000H _1STUB_            STUBSEG
 06800H 06D53H 00554H _DATA              DATA
 06D54H 06D55H 00002H _CVTSEG            DATA
 06D56H 06D5BH 00006H _SCNSEG            DATA
 06D5CH 06D5CH 00000H _CONST             CONST
 06D5CH 06D67H 0000CH _INIT_             INITDATA
 06D68H 06D68H 00000H _INITEND_          INITDATA
 06D68H 06D68H 00000H _EXIT_             EXITDATA
 06D68H 06D68H 00000H _EXITEND_          EXITDATA
 06D68H 0A297H 03530H _BSS               BSS
 0A298H 0A298H 00000H _BSSEND            BSSEND
 0A2A0H 0A31FH 00080H _STACK             STACK


Detailed map of segments

 0000:0000 0295 C=CODE   S=_TEXT          G=(none)  M=c0.ASM     ACBP=28
 0000:0295 002D C=CODE   S=_TEXT          G=(none)  M=ATEXIT     ACBP=28
 0000:02C2 0093 C=CODE   S=_TEXT          G=(none)  M=EXIT       ACBP=28
 0000:0355 0000 C=CODE   S=_TEXT          G=(none)  M=FILES      ACBP=28
 0000:0355 0000 C=CODE   S=_TEXT          G=(none)  M=FILES2     ACBP=28
 0000:0355 0017 C=CODE   S=_TEXT          G=(none)  M=F_LXMUL    ACBP=28
 0000:036C 0026 C=CODE   S=_TEXT          G=(none)  M=GETDATE    ACBP=28
 0000:0392 00AE C=CODE   S=_TEXT          G=(none)  M=H_LDIV     ACBP=28
 0000:0440 0021 C=CODE   S=_TEXT          G=(none)  M=H_LLSH     ACBP=28
 0000:0461 0021 C=CODE   S=_TEXT          G=(none)  M=H_LURSH    ACBP=28
 0000:0482 0060 C=CODE   S=_TEXT          G=(none)  M=H_PADD     ACBP=28
 0000:04E2 004B C=CODE   S=_TEXT          G=(none)  M=IOERROR    ACBP=28
 0000:052D 0011 C=CODE   S=_TEXT          G=(none)  M=ISATTY     ACBP=28
 0000:053E 00A2 C=CODE   S=_TEXT          G=(none)  M=LONGTOA    ACBP=28
 0000:05E0 0029 C=CODE   S=_TEXT          G=(none)  M=LSEEK      ACBP=28
 0000:0609 0021 C=CODE   S=_TEXT          G=(none)  M=N_PCMP     ACBP=28
 0000:062A 00BA C=CODE   S=_TEXT          G=(none)  M=SETUPIO    ACBP=28
 0000:06E4 0000 C=CODE   S=_TEXT          G=(none)  M=STKLEN     ACBP=28
 0000:06E4 04DB C=CODE   S=_TEXT          G=(none)  M=VPRINTER   ACBP=28
 0000:0BBF 009F C=CODE   S=_TEXT          G=(none)  M=VRAM       ACBP=28
 0000:0C5E 0000 C=CODE   S=_TEXT          G=(none)  M=WSCROLL    ACBP=28
 0000:0C5E 014E C=CODE   S=_TEXT          G=(none)  M=CPRINTF    ACBP=28
 0000:0DAC 01A5 C=CODE   S=_TEXT          G=(none)  M=CRTINIT    ACBP=28
 0000:0F51 001F C=CODE   S=_TEXT          G=(none)  M=CVTFAK     ACBP=28
 0000:0F70 0432 C=CODE   S=_TEXT          G=(none)  M=FARHEAP    ACBP=28
 0000:13A2 0140 C=CODE   S=_TEXT          G=(none)  M=FBRK       ACBP=28
 0000:14E2 005E C=CODE   S=_TEXT          G=(none)  M=GETCH      ACBP=28
 0000:1540 00AC C=CODE   S=_TEXT          G=(none)  M=GPTEXT     ACBP=28
 0000:15EC 0012 C=CODE   S=_TEXT          G=(none)  M=KBHIT      ACBP=28
 0000:15FE 009D C=CODE   S=_TEXT          G=(none)  M=MOVETEXT   ACBP=28
 0000:169B 0017 C=CODE   S=_TEXT          G=(none)  M=PUTCH      ACBP=28
 0000:16B2 0004 C=CODE   S=_TEXT          G=(none)  M=REALCVT    ACBP=28
 0000:16B6 01C7 C=CODE   S=_TEXT          G=(none)  M=SCREEN     ACBP=28
 0000:187D 018E C=CODE   S=_TEXT          G=(none)  M=SCROLL     ACBP=28
 0000:1A0B 001C C=CODE   S=_TEXT          G=(none)  M=SETBLOCK   ACBP=28
 0000:1A27 006A C=CODE   S=_TEXT          G=(none)  M=SETJMP     ACBP=28
 0000:1A91 002C C=CODE   S=_TEXT          G=(none)  M=WHEREXY    ACBP=28
 0000:1ABD 00CD C=CODE   S=_TEXT          G=(none)  M=FFLUSH     ACBP=28
 0000:1B8A 0042 C=CODE   S=_TEXT          G=(none)  M=FLUSHALL   ACBP=28
 0000:1BCC 01E2 C=CODE   S=_TEXT          G=(none)  M=FSEEK      ACBP=28
 0000:1DAE 0024 C=CODE   S=_TEXT          G=(none)  M=MEMCPY     ACBP=28
 0000:1DD2 001B C=CODE   S=_TEXT          G=(none)  M=PRINTF     ACBP=28
 0000:1DED 03C8 C=CODE   S=_TEXT          G=(none)  M=PUTC       ACBP=28
 0000:21B5 011D C=CODE   S=_TEXT          G=(none)  M=SETVBUF    ACBP=28
 0000:22D2 0083 C=CODE   S=_TEXT          G=(none)  M=SPRINTF    ACBP=28
 0000:2355 0151 C=CODE   S=_TEXT          G=(none)  M=WRITE      ACBP=28
 0000:24A6 003C C=CODE   S=_TEXT          G=(none)  M=WRITEA     ACBP=28
 0000:24E2 0038 C=CODE   S=_TEXT          G=(none)  M=XFFLUSH    ACBP=28
 0251:000A 0330 C=CODE   S=TEST_TEXT      G=(none)  M=test.c     ACBP=28
 0284:000A 00D6 C=CODE   S=OS_CPU_A_TEXT  G=(none)  M=\SOFTWARE\uCOS-II\Ix86L\BC45\OS_CPU_A.ASM ACBP=48
 0292:0000 01D6 C=CODE   S=OS_CPU_C_TEXT  G=(none)  M=os_cpu_c.c ACBP=28
 02AF:0006 037D C=CODE   S=PC_TEXT        G=(none)  M=pc.c       ACBP=28
 02E7:0003 397E C=CODE   S=UCOS_II_TEXT   G=(none)  M=ucos_ii.c  ACBP=28
 0680:0000 0000 C=FAR_DATA S=_FARDATA       G=(none)  M=c0.ASM     ACBP=68
 0680:0000 0000 C=FAR_BSS S=_FARBSS        G=(none)  M=c0.ASM     ACBP=68
 0680:0000 0000 C=OVRINFO S=_OVERLAY_      G=(none)  M=c0.ASM     ACBP=68
 0680:0000 0000 C=STUBSEG S=_1STUB_        G=(none)  M=c0.ASM     ACBP=68
 0680:0000 0093 C=DATA   S=_DATA          G=DGROUP  M=c0.ASM     ACBP=68
 0680:0094 0089 C=DATA   S=_DATA          G=DGROUP  M=test.c     ACBP=48
 0680:011E 0000 C=DATA   S=_DATA          G=DGROUP  M=\SOFTWARE\uCOS-II\Ix86L\BC45\OS_CPU_A.ASM ACBP=48
 0680:011E 0000 C=DATA   S=_DATA          G=DGROUP  M=os_cpu_c.c ACBP=48
 0680:011E 001F C=DATA   S=_DATA          G=DGROUP  M=pc.c       ACBP=48
 0680:013E 0131 C=DATA   S=_DATA          G=DGROUP  M=ucos_ii.c  ACBP=48
 0680:0270 0002 C=DATA   S=_DATA          G=DGROUP  M=ATEXIT     ACBP=48
 0680:0272 000C C=DATA   S=_DATA          G=DGROUP  M=EXIT       ACBP=48
 0680:027E 0190 C=DATA   S=_DATA          G=DGROUP  M=FILES      ACBP=48
 0680:040E 002A C=DATA   S=_DATA          G=DGROUP  M=FILES2     ACBP=48
 0680:0438 0000 C=DATA   S=_DATA          G=DGROUP  M=F_LXMUL    ACBP=48
 0680:0438 0000 C=DATA   S=_DATA          G=DGROUP  M=GETDATE    ACBP=48
 0680:0438 0000 C=DATA   S=_DATA          G=DGROUP  M=H_LDIV     ACBP=48
 0680:0438 0000 C=DATA   S=_DATA          G=DGROUP  M=H_LLSH     ACBP=48
 0680:0438 0000 C=DATA   S=_DATA          G=DGROUP  M=H_LURSH    ACBP=48
 0680:0438 0000 C=DATA   S=_DATA          G=DGROUP  M=H_PADD     ACBP=48
 0680:0438 005B C=DATA   S=_DATA          G=DGROUP  M=IOERROR    ACBP=48
 0680:0494 0000 C=DATA   S=_DATA          G=DGROUP  M=ISATTY     ACBP=48
 0680:0494 0000 C=DATA   S=_DATA          G=DGROUP  M=LONGTOA    ACBP=48
 0680:0494 0000 C=DATA   S=_DATA          G=DGROUP  M=LSEEK      ACBP=48
 0680:0494 0000 C=DATA   S=_DATA          G=DGROUP  M=N_PCMP     ACBP=48
 0680:0494 0000 C=DATA   S=_DATA          G=DGROUP  M=SETUPIO    ACBP=48
 0680:0494 0002 C=DATA   S=_DATA          G=DGROUP  M=STKLEN     ACBP=48
 0680:0496 0067 C=DATA   S=_DATA          G=DGROUP  M=VPRINTER   ACBP=48
 0680:04FE 0000 C=DATA   S=_DATA          G=DGROUP  M=VRAM       ACBP=48
 0680:04FE 0002 C=DATA   S=_DATA          G=DGROUP  M=WSCROLL    ACBP=48
 0680:0500 0000 C=DATA   S=_DATA          G=DGROUP  M=CPRINTF    ACBP=48
 0680:0500 0018 C=DATA   S=_DATA          G=DGROUP  M=CRTINIT    ACBP=48
 0680:0518 0031 C=DATA   S=_DATA          G=DGROUP  M=CVTFAK     ACBP=48
 0680:054A 0000 C=DATA   S=_DATA          G=DGROUP  M=FARHEAP    ACBP=48
 0680:054A 0002 C=DATA   S=_DATA          G=DGROUP  M=FBRK       ACBP=48
 0680:054C 0000 C=DATA   S=_DATA          G=DGROUP  M=GETCH      ACBP=48
 0680:054C 0000 C=DATA   S=_DATA          G=DGROUP  M=GPTEXT     ACBP=48
 0680:054C 0002 C=DATA   S=_DATA          G=DGROUP  M=KBHIT      ACBP=48
 0680:054E 0000 C=DATA   S=_DATA          G=DGROUP  M=MOVETEXT   ACBP=48
 0680:054E 0000 C=DATA   S=_DATA          G=DGROUP  M=PUTCH      ACBP=48
 0680:054E 0000 C=DATA   S=_DATA          G=DGROUP  M=REALCVT    ACBP=48
 0680:054E 0000 C=DATA   S=_DATA          G=DGROUP  M=SCREEN     ACBP=48
 0680:054E 0000 C=DATA   S=_DATA          G=DGROUP  M=SCROLL     ACBP=48
 0680:054E 0000 C=DATA   S=_DATA          G=DGROUP  M=SETBLOCK   ACBP=48
 0680:054E 0000 C=DATA   S=_DATA          G=DGROUP  M=SETJMP     ACBP=48
 0680:054E 0000 C=DATA   S=_DATA          G=DGROUP  M=WHEREXY    ACBP=48
 0680:054E 0000 C=DATA   S=_DATA          G=DGROUP  M=FFLUSH     ACBP=48
 0680:054E 0000 C=DATA   S=_DATA          G=DGROUP  M=FLUSHALL   ACBP=48
 0680:054E 0000 C=DATA   S=_DATA          G=DGROUP  M=FSEEK      ACBP=48
 0680:054E 0000 C=DATA   S=_DATA          G=DGROUP  M=MEMCPY     ACBP=48
 0680:054E 0000 C=DATA   S=_DATA          G=DGROUP  M=PRINTF     ACBP=48
 0680:054E 0001 C=DATA   S=_DATA          G=DGROUP  M=PUTC       ACBP=48
 0680:0550 0004 C=DATA   S=_DATA          G=DGROUP  M=SETVBUF    ACBP=48
 0680:0554 0000 C=DATA   S=_DATA          G=DGROUP  M=SPRINTF    ACBP=48
 0680:0554 0000 C=DATA   S=_DATA          G=DGROUP  M=WRITE      ACBP=48
 0680:0554 0000 C=DATA   S=_DATA          G=DGROUP  M=WRITEA     ACBP=48
 0680:0554 0000 C=DATA   S=_DATA          G=DGROUP  M=XFFLUSH    ACBP=48
 0680:0554 0000 C=DATA   S=_CVTSEG        G=DGROUP  M=c0.ASM     ACBP=48
 0680:0554 0002 C=DATA   S=_CVTSEG        G=DGROUP  M=CVTFAK     ACBP=48
 0680:0556 0000 C=DATA   S=_CVTSEG        G=DGROUP  M=REALCVT    ACBP=48
 0680:0556 0000 C=DATA   S=_SCNSEG        G=DGROUP  M=c0.ASM     ACBP=48
 0680:0556 0006 C=DATA   S=_SCNSEG        G=DGROUP  M=CVTFAK     ACBP=48
 0680:055C 0000 C=CONST  S=_CONST         G=DGROUP  M=c0.ASM     ACBP=48
 0680:055C 0000 C=INITDATA S=_INIT_         G=DGROUP  M=c0.ASM     ACBP=48
 0680:055C 0006 C=INITDATA S=_INIT_         G=DGROUP  M=SETUPIO    ACBP=48
 0680:0562 0006 C=INITDATA S=_INIT_         G=DGROUP  M=CRTINIT    ACBP=48
 0680:0568 0000 C=INITDATA S=_INITEND_      G=DGROUP  M=c0.ASM     ACBP=28
 0680:0568 0000 C=EXITDATA S=_EXIT_         G=DGROUP  M=c0.ASM     ACBP=48
 0680:0568 0000 C=EXITDATA S=_EXITEND_      G=DGROUP  M=c0.ASM     ACBP=28
 0680:0568 0000 C=BSS    S=_BSS           G=DGROUP  M=c0.ASM     ACBP=48
 0680:0568 2C08 C=BSS    S=_BSS           G=DGROUP  M=test.c     ACBP=48
 0680:3170 0001 C=BSS    S=_BSS           G=DGROUP  M=os_cpu_c.c ACBP=48
 0680:3172 001B C=BSS    S=_BSS           G=DGROUP  M=pc.c       ACBP=48
 0680:318E 0888 C=BSS    S=_BSS           G=DGROUP  M=ucos_ii.c  ACBP=48
 0680:3A16 0080 C=BSS    S=_BSS           G=DGROUP  M=ATEXIT     ACBP=48
 0680:3A96 0000 C=BSS    S=_BSS           G=DGROUP  M=IOERROR    ACBP=48
 0680:3A96 0000 C=BSS    S=_BSS           G=DGROUP  M=ISATTY     ACBP=48
 0680:3A96 0000 C=BSS    S=_BSS           G=DGROUP  M=LONGTOA    ACBP=48
 0680:3A96 0000 C=BSS    S=_BSS           G=DGROUP  M=LSEEK      ACBP=48
 0680:3A96 0000 C=BSS    S=_BSS           G=DGROUP  M=SETUPIO    ACBP=48
 0680:3A96 0000 C=BSS    S=_BSS           G=DGROUP  M=VPRINTER   ACBP=48
 0680:3A96 0000 C=BSS    S=_BSS           G=DGROUP  M=VRAM       ACBP=48
 0680:3A96 0000 C=BSS    S=_BSS           G=DGROUP  M=CRTINIT    ACBP=48
 0680:3A96 0000 C=BSS    S=_BSS           G=DGROUP  M=GETCH      ACBP=48
 0680:3A96 0000 C=BSS    S=_BSS           G=DGROUP  M=KBHIT      ACBP=48
 0680:3A96 0000 C=BSS    S=_BSS           G=DGROUP  M=SETBLOCK   ACBP=48
 0680:3A96 0000 C=BSS    S=_BSS           G=DGROUP  M=SETJMP     ACBP=48
 0680:3A96 0000 C=BSS    S=_BSS           G=DGROUP  M=MEMCPY     ACBP=48
 0680:3A96 0001 C=BSS    S=_BSS           G=DGROUP  M=PUTC       ACBP=48
 0680:3A98 0000 C=BSS    S=_BSS           G=DGROUP  M=WRITEA     ACBP=48
 0680:3A98 0000 C=BSSEND S=_BSSEND        G=DGROUP  M=c0.ASM     ACBP=28
 0A2A:0000 0080 C=STACK  S=_STACK         G=(none)  M=c0.ASM     ACBP=74

  Address         Publics by Name

 0680:0000 idle  DATASEG@
 0000:0291 idle  DGROUP@
 0000:0395 idle  F_LDIV@
 0000:03A4 idle  F_LMOD@
 0000:039C       F_LUDIV@
 0000:03AC idle  F_LUMOD@
 0000:0443       F_LXLSH@
 0000:0355       F_LXMUL@
 0000:0464       F_LXURSH@
 0000:0485 idle  F_PADD@
 0000:04B4 idle  F_PSUB@
 0000:0395 idle  LDIV@
 0000:03A4 idle  LMOD@
 0000:039C idle  LUDIV@
 0000:03AC idle  LUMOD@
 0000:0443 idle  LXLSH@
 0000:0355 idle  LXMUL@
 0000:0464 idle  LXURSH@
 0000:0392 idle  N_LDIV@
 0000:03A1 idle  N_LMOD@
 0000:0399 idle  N_LUDIV@
 0000:03A9 idle  N_LUMOD@
 0000:0440       N_LXLSH@
 0000:0461 idle  N_LXURSH@
 0000:0482       N_PADD@
 0000:0609       N_PCMP@
 0000:04B1 idle  N_PSUB@
 0000:0485 idle  PADD@
 0000:04B4 idle  PSUB@
 0000:027A       _abort
 0000:0295 idle  _atexit
 0000:0D90 idle  _cprintf
 0680:050F       _directvideo
 0680:007F       _errno
 0000:031A       _exit
 0000:10B0 idle  _farfree
 0000:11C4 idle  _farmalloc
 0000:1328 idle  _farrealloc
 0000:1ABD       _fflush
 0000:1B8A       _flushall
 0000:1E09 idle  _fputc
 0000:1F9E idle  _fputchar
 0000:10B0       _free
 0000:1C4E       _fseek
 0000:1CCE idle  _ftell
 0000:14E2       _getch
 0000:14FE idle  _getche
 0000:036C       _getdate
 0000:1540       _gettext
 0000:037F       _gettime
 0000:052D       _isatty
 0000:15EC       _kbhit
 0000:1A5D       _longjmp
 0000:05E0       _lseek
 0251:000A       _main
 0000:11BA       _malloc
 0000:1DAE       _memcpy
 0000:15FE       _movetext
 0680:00B6 idle  _msgBuffer1
 0680:00DE idle  _msgBuffer2
 0680:009E idle  _NumTasks
 0680:318E idle  _old_prio
 0284:0028       _OSCtxSw
 0680:3A12 idle  _OSCtxSwCtr
 0680:3A0E idle  _OSEventFreeList
 0680:39EE idle  _OSEventTbl
 02E7:092C idle  _OSFlagAccept
 02E7:0A5E idle  _OSFlagCreate
 02E7:0AD6 idle  _OSFlagDel
 0680:39C7 idle  _OSFlagFreeList
 02E7:0C18 idle  _OSFlagPend
 02E7:0E72 idle  _OSFlagPost
 02E7:1012 idle  _OSFlagQuery
 0680:39CB idle  _OSFlagTbl
 0680:39B3 idle  _OSIdleCtr
 02E7:0003       _OSInit
 0292:0000       _OSInitHookBegin
 0292:0001       _OSInitHookEnd
 0284:0063       _OSIntCtxSw
 02E7:0036 idle  _OSIntEnter
 02E7:0049       _OSIntExit
 0680:39C5 idle  _OSIntExitY
 0680:39C6       _OSIntNesting
 0680:39C4 idle  _OSLockNesting
 0680:013E idle  _OSMapTbl
 02E7:12A2 idle  _OSMboxAccept
 02E7:12ED       _OSMboxCreate
 02E7:1362 idle  _OSMboxDel
 02E7:1480       _OSMboxPend
 02E7:1582 idle  _OSMboxPost
 02E7:15FA idle  _OSMboxPostOpt
 02E7:169D idle  _OSMboxQuery
 02E7:1791 idle  _OSMemCreate
 0680:322C idle  _OSMemFreeList
 02E7:18DC idle  _OSMemGet
 02E7:195A idle  _OSMemPut
 02E7:19CA idle  _OSMemQuery
 0680:31C8 idle  _OSMemTbl
 02E7:1B17 idle  _OSMutexAccept
 02E7:1BA2 idle  _OSMutexCreate
 02E7:1C88 idle  _OSMutexDel
 02E7:1DE2 idle  _OSMutexPend
 02E7:1FCD idle  _OSMutexPost
 02E7:2155 idle  _OSMutexQuery
 0680:39C3       _OSPrioCur
 0680:39C2       _OSPrioHighRdy
 02E7:2270 idle  _OSQAccept
 02E7:2310 idle  _OSQCreate
 02E7:2433 idle  _OSQDel
 02E7:25B0 idle  _OSQFlush
 0680:31C4 idle  _OSQFreeList
 02E7:2608 idle  _OSQPend
 02E7:274E idle  _OSQPost
 02E7:2816 idle  _OSQPostFront
 02E7:28D8 idle  _OSQPostOpt
 02E7:2A16 idle  _OSQQuery
 0680:3194 idle  _OSQTbl
 0680:39C1 idle  _OSRdyGrp
 0680:39B9 idle  _OSRdyTbl
 0680:39B8       _OSRunning
 02E7:0153 idle  _OSSchedLock
 02E7:0169 idle  _OSSchedUnlock
 02E7:2BA1 idle  _OSSemAccept
 02E7:2BD3 idle  _OSSemCreate
 02E7:2C47 idle  _OSSemDel
 02E7:2D65 idle  _OSSemPend
 02E7:2E15 idle  _OSSemPost
 02E7:2E6F idle  _OSSemQuery
 02E7:0196       _OSStart
 0284:000A       _OSStartHighRdy
 02E7:2F5B idle  _OSTaskChangePrio
 02E7:3127       _OSTaskCreate
 02E7:31E4 idle  _OSTaskCreateExt
 0292:0002       _OSTaskCreateHook
 0680:39B7 idle  _OSTaskCtr
 02E7:32D4       _OSTaskDel
 0292:0007       _OSTaskDelHook
 02E7:34B3 idle  _OSTaskDelReq
 0292:000C       _OSTaskIdleHook
 0680:35B3 idle  _OSTaskIdleStk
 02E7:3731 idle  _OSTaskQuery
 02E7:351F idle  _OSTaskResume
 0292:000D idle  _OSTaskStatHook
 02E7:359E idle  _OSTaskStkChk
 0292:000E       _OSTaskStkInit
 0292:00F4 idle  _OSTaskStkInit_FPE_x86
 02E7:3683 idle  _OSTaskSuspend
 0292:01CF       _OSTaskSwHook
 0680:35AF       _OSTCBCur
 0680:35AB idle  _OSTCBFreeList
 0680:35A7       _OSTCBHighRdy
 0292:01D0       _OSTCBInitHook
 0680:35A3       _OSTCBList
 0680:34A3 idle  _OSTCBPrioTbl
 0680:3230 idle  _OSTCBTbl
 0680:3170       _OSTickDOSCtr
 0284:0090       _OSTickISR
 0680:3190 idle  _OSTime
 02E7:379F       _OSTimeDly
 02E7:37E6 idle  _OSTimeDlyHMSM
 02E7:38D5 idle  _OSTimeDlyResume
 02E7:394D       _OSTimeGet
 02E7:396C idle  _OSTimeSet
 02E7:024C       _OSTimeTick
 0292:01D5       _OSTimeTickHook
 0680:0146 idle  _OSUnMapTbl
 02E7:0306 idle  _OSVersion
 02E7:030A idle  _OS_Dummy
 02E7:030B idle  _OS_EventTaskRdy
 02E7:03D5 idle  _OS_EventTaskWait
 02E7:0442 idle  _OS_EventTO
 02E7:0496 idle  _OS_EventWaitListInit
 02E7:1134 idle  _OS_FlagInit
 02E7:11F3 idle  _OS_FlagUnlink
 02E7:1A73 idle  _OS_MemInit
 02E7:2B51 idle  _OS_QInit
 02E7:0685 idle  _OS_Sched
 02E7:0774 idle  _OS_TaskIdle
 02E7:0799 idle  _OS_TCBInit
 02AF:0006 idle  _PC_DispChar
 02AF:0044 idle  _PC_DispClrCol
 02AF:008A idle  _PC_DispClrRow
 02AF:00C3 idle  _PC_DispClrScr
 02AF:00F4 idle  _PC_DispStr
 02AF:0143 idle  _PC_DOSReturn
 02AF:0157       _PC_DOSSaveReturn
 02AF:01C5 idle  _PC_ElapsedInit
 02AF:01D9 idle  _PC_ElapsedStart
 02AF:01FF idle  _PC_ElapsedStop
 02AF:0250 idle  _PC_GetDateTime
 02AF:02A3 idle  _PC_GetKey
 02AF:02CA       _PC_SetTickRate
 0680:3172 idle  _PC_TickISR
 02AF:0317 idle  _PC_VectGet
 02AF:034E       _PC_VectSet
 0680:0568 idle  _PrintBox
 0000:1DD2       _printf
 0251:02FF idle  _PrintTask
 0000:169B       _putch
 0000:1596       _puttext
 0680:056C idle  _RandomSem
 0000:1321 idle  _realloc
 0000:1A0B       _setblock
 0000:1A27       _setjmp
 0000:21B5       _setvbuf
 0251:013F idle  _SortByPeriod
 0000:2312       _sprintf
 0680:00A0 idle  _StartPoint
 0251:0217 idle  _Task
 0680:0094 idle  _TaskData
 0680:00A2 idle  _TaskIndex
 0251:0043 idle  _TaskStart
 0680:0570 idle  _TaskStartStk
 0680:0970 idle  _TaskStk
 0000:1522 idle  _ungetch
 0000:2334 idle  _vsprintf
 0000:1A9B idle  _wherex
 0000:1AAA idle  _wherey
 0000:1000 idle  __AHINCR
 0000:000C idle  __AHSHIFT
 0680:0270       __atexitcnt
 0680:3A16       __atexittbl
 0000:1418       __brk
 0680:008B       __brklvl
 0680:006B idle  __C0argc
 0680:006D idle  __C0argv
 0000:0E72 idle  __c0crtinit
 0680:0071 idle  __C0environ
 0680:054D       __cChar
 0000:033B idle  __cexit
 0680:054C       __cFlag
 0000:016A       __checknull
 0000:0157       __cleanup
 0000:0C5E       __CPUTN
 0000:0E8F idle  __crtinit
 0000:0000  Abs  __cvtfak
 0000:0349 idle  __c_exit
 0680:0438 idle  __doserrno
 0000:051B idle  __DOSERROR
 0680:043A idle  __dosErrorToSV
 0680:0075 idle  __envLng
 0680:0077 idle  __envseg
 0680:0079 idle  __envSize
 0000:0329       __exit
 0680:0272       __exitbuf
 0680:0276 idle  __exitfopen
 0680:027A idle  __exitopen
 0000:1DED idle  __fputc
 0000:1FB2       __FPUTN
 0680:0087       __heapbase
 0680:008F       __heaptop
 0680:005B idle  __Int0Vector
 0680:005F idle  __Int4Vector
 0680:0063 idle  __Int5Vector
 0680:0067 idle  __Int6Vector
 0000:04E2       __IOERROR
 0000:053E       __LONGTOA
 0000:0293 idle  __MMODEL
 0680:040E       __nfile
 0000:14FB idle  __Ngetche
 0000:151F idle  __Nungetch
 0680:0410       __openfd
 0680:007D idle  __osmajor
 0680:007E idle  __osminor
 0680:007D idle  __osversion
 0680:007B       __psp
 0000:16B2       __REALCVT
 0680:0554       __RealCvtVector
 0000:01C0       __restorezero
 0000:1457       __sbrk
 0680:0556 idle  __ScanTodVector
 0000:17EC       __SCREENIO
 0000:189F       __SCROLL
 0000:062A       __setupio
 0680:0081 idle  __StartTime
 0680:0494       __stklen
 0680:027E       __streams
 0000:016B       __terminate
 0000:0000 idle  __turboCrt
 0000:05C0 idle  __UTOA
 0000:1828       __VALIDATEXY
 0680:007D idle  __version
 0680:0500       __video
 0000:0DE7       __VideoInt
 0000:06FC       __VPRINTER
 0000:0BBF       __VPTR
 0000:0BE4       __VRAM
 0000:1A91       __wherexy
 0000:24A6       __write
 0680:04FE       __wscroll
 0000:24E2       __xfflush
 0680:0085 idle  ___brklvl
 0000:0F70 idle  ___first
 0000:0F72 idle  ___last
 0000:0F74 idle  ___rover
 0000:2355       ___write

  Address         Publics by Value

 0000:0000 idle  __turboCrt
 0000:0000  Abs  __cvtfak
 0000:000C idle  __AHSHIFT
 0000:0157       __cleanup
 0000:016A       __checknull
 0000:016B       __terminate
 0000:01C0       __restorezero
 0000:027A       _abort
 0000:0291 idle  DGROUP@
 0000:0293 idle  __MMODEL
 0000:0295 idle  _atexit
 0000:031A       _exit
 0000:0329       __exit
 0000:033B idle  __cexit
 0000:0349 idle  __c_exit
 0000:0355       F_LXMUL@
 0000:0355 idle  LXMUL@
 0000:036C       _getdate
 0000:037F       _gettime
 0000:0392 idle  N_LDIV@
 0000:0395 idle  LDIV@
 0000:0395 idle  F_LDIV@
 0000:0399 idle  N_LUDIV@
 0000:039C       F_LUDIV@
 0000:039C idle  LUDIV@
 0000:03A1 idle  N_LMOD@
 0000:03A4 idle  F_LMOD@
 0000:03A4 idle  LMOD@
 0000:03A9 idle  N_LUMOD@
 0000:03AC idle  LUMOD@
 0000:03AC idle  F_LUMOD@
 0000:0440       N_LXLSH@
 0000:0443       F_LXLSH@
 0000:0443 idle  LXLSH@
 0000:0461 idle  N_LXURSH@
 0000:0464       F_LXURSH@
 0000:0464 idle  LXURSH@
 0000:0482       N_PADD@
 0000:0485 idle  F_PADD@
 0000:0485 idle  PADD@
 0000:04B1 idle  N_PSUB@
 0000:04B4 idle  F_PSUB@
 0000:04B4 idle  PSUB@
 0000:04E2       __IOERROR
 0000:051B idle  __DOSERROR
 0000:052D       _isatty
 0000:053E       __LONGTOA
 0000:05C0 idle  __UTOA
 0000:05E0       _lseek
 0000:0609       N_PCMP@
 0000:062A       __setupio
 0000:06FC       __VPRINTER
 0000:0BBF       __VPTR
 0000:0BE4       __VRAM
 0000:0C5E       __CPUTN
 0000:0D90 idle  _cprintf
 0000:0DE7       __VideoInt
 0000:0E72 idle  __c0crtinit
 0000:0E8F idle  __crtinit
 0000:0F70 idle  ___first
 0000:0F72 idle  ___last
 0000:0F74 idle  ___rover
 0000:1000 idle  __AHINCR
 0000:10B0       _free
 0000:10B0 idle  _farfree
 0000:11BA       _malloc
 0000:11C4 idle  _farmalloc
 0000:1321 idle  _realloc
 0000:1328 idle  _farrealloc
 0000:1418       __brk
 0000:1457       __sbrk
 0000:14E2       _getch
 0000:14FB idle  __Ngetche
 0000:14FE idle  _getche
 0000:151F idle  __Nungetch
 0000:1522 idle  _ungetch
 0000:1540       _gettext
 0000:1596       _puttext
 0000:15EC       _kbhit
 0000:15FE       _movetext
 0000:169B       _putch
 0000:16B2       __REALCVT
 0000:17EC       __SCREENIO
 0000:1828       __VALIDATEXY
 0000:189F       __SCROLL
 0000:1A0B       _setblock
 0000:1A27       _setjmp
 0000:1A5D       _longjmp
 0000:1A91       __wherexy
 0000:1A9B idle  _wherex
 0000:1AAA idle  _wherey
 0000:1ABD       _fflush
 0000:1B8A       _flushall
 0000:1C4E       _fseek
 0000:1CCE idle  _ftell
 0000:1DAE       _memcpy
 0000:1DD2       _printf
 0000:1DED idle  __fputc
 0000:1E09 idle  _fputc
 0000:1F9E idle  _fputchar
 0000:1FB2       __FPUTN
 0000:21B5       _setvbuf
 0000:2312       _sprintf
 0000:2334 idle  _vsprintf
 0000:2355       ___write
 0000:24A6       __write
 0000:24E2       __xfflush
 0251:000A       _main
 0251:0043 idle  _TaskStart
 0251:013F idle  _SortByPeriod
 0251:0217 idle  _Task
 0251:02FF idle  _PrintTask
 0284:000A       _OSStartHighRdy
 0284:0028       _OSCtxSw
 0284:0063       _OSIntCtxSw
 0284:0090       _OSTickISR
 0292:0000       _OSInitHookBegin
 0292:0001       _OSInitHookEnd
 0292:0002       _OSTaskCreateHook
 0292:0007       _OSTaskDelHook
 0292:000C       _OSTaskIdleHook
 0292:000D idle  _OSTaskStatHook
 0292:000E       _OSTaskStkInit
 0292:00F4 idle  _OSTaskStkInit_FPE_x86
 0292:01CF       _OSTaskSwHook
 0292:01D0       _OSTCBInitHook
 0292:01D5       _OSTimeTickHook
 02AF:0006 idle  _PC_DispChar
 02AF:0044 idle  _PC_DispClrCol
 02AF:008A idle  _PC_DispClrRow
 02AF:00C3 idle  _PC_DispClrScr
 02AF:00F4 idle  _PC_DispStr
 02AF:0143 idle  _PC_DOSReturn
 02AF:0157       _PC_DOSSaveReturn
 02AF:01C5 idle  _PC_ElapsedInit
 02AF:01D9 idle  _PC_ElapsedStart
 02AF:01FF idle  _PC_ElapsedStop
 02AF:0250 idle  _PC_GetDateTime
 02AF:02A3 idle  _PC_GetKey
 02AF:02CA       _PC_SetTickRate
 02AF:0317 idle  _PC_VectGet
 02AF:034E       _PC_VectSet
 02E7:0003       _OSInit
 02E7:0036 idle  _OSIntEnter
 02E7:0049       _OSIntExit
 02E7:0153 idle  _OSSchedLock
 02E7:0169 idle  _OSSchedUnlock
 02E7:0196       _OSStart
 02E7:024C       _OSTimeTick
 02E7:0306 idle  _OSVersion
 02E7:030A idle  _OS_Dummy
 02E7:030B idle  _OS_EventTaskRdy
 02E7:03D5 idle  _OS_EventTaskWait
 02E7:0442 idle  _OS_EventTO
 02E7:0496 idle  _OS_EventWaitListInit
 02E7:0685 idle  _OS_Sched
 02E7:0774 idle  _OS_TaskIdle
 02E7:0799 idle  _OS_TCBInit
 02E7:092C idle  _OSFlagAccept
 02E7:0A5E idle  _OSFlagCreate
 02E7:0AD6 idle  _OSFlagDel
 02E7:0C18 idle  _OSFlagPend
 02E7:0E72 idle  _OSFlagPost
 02E7:1012 idle  _OSFlagQuery
 02E7:1134 idle  _OS_FlagInit
 02E7:11F3 idle  _OS_FlagUnlink
 02E7:12A2 idle  _OSMboxAccept
 02E7:12ED       _OSMboxCreate
 02E7:1362 idle  _OSMboxDel
 02E7:1480       _OSMboxPend
 02E7:1582 idle  _OSMboxPost
 02E7:15FA idle  _OSMboxPostOpt
 02E7:169D idle  _OSMboxQuery
 02E7:1791 idle  _OSMemCreate
 02E7:18DC idle  _OSMemGet
 02E7:195A idle  _OSMemPut
 02E7:19CA idle  _OSMemQuery
 02E7:1A73 idle  _OS_MemInit
 02E7:1B17 idle  _OSMutexAccept
 02E7:1BA2 idle  _OSMutexCreate
 02E7:1C88 idle  _OSMutexDel
 02E7:1DE2 idle  _OSMutexPend
 02E7:1FCD idle  _OSMutexPost
 02E7:2155 idle  _OSMutexQuery
 02E7:2270 idle  _OSQAccept
 02E7:2310 idle  _OSQCreate
 02E7:2433 idle  _OSQDel
 02E7:25B0 idle  _OSQFlush
 02E7:2608 idle  _OSQPend
 02E7:274E idle  _OSQPost
 02E7:2816 idle  _OSQPostFront
 02E7:28D8 idle  _OSQPostOpt
 02E7:2A16 idle  _OSQQuery
 02E7:2B51 idle  _OS_QInit
 02E7:2BA1 idle  _OSSemAccept
 02E7:2BD3 idle  _OSSemCreate
 02E7:2C47 idle  _OSSemDel
 02E7:2D65 idle  _OSSemPend
 02E7:2E15 idle  _OSSemPost
 02E7:2E6F idle  _OSSemQuery
 02E7:2F5B idle  _OSTaskChangePrio
 02E7:3127       _OSTaskCreate
 02E7:31E4 idle  _OSTaskCreateExt
 02E7:32D4       _OSTaskDel
 02E7:34B3 idle  _OSTaskDelReq
 02E7:351F idle  _OSTaskResume
 02E7:359E idle  _OSTaskStkChk
 02E7:3683 idle  _OSTaskSuspend
 02E7:3731 idle  _OSTaskQuery
 02E7:379F       _OSTimeDly
 02E7:37E6 idle  _OSTimeDlyHMSM
 02E7:38D5 idle  _OSTimeDlyResume
 02E7:394D       _OSTimeGet
 02E7:396C idle  _OSTimeSet
 0680:0000 idle  DATASEG@
 0680:005B idle  __Int0Vector
 0680:005F idle  __Int4Vector
 0680:0063 idle  __Int5Vector
 0680:0067 idle  __Int6Vector
 0680:006B idle  __C0argc
 0680:006D idle  __C0argv
 0680:0071 idle  __C0environ
 0680:0075 idle  __envLng
 0680:0077 idle  __envseg
 0680:0079 idle  __envSize
 0680:007B       __psp
 0680:007D idle  __osversion
 0680:007D idle  __osmajor
 0680:007D idle  __version
 0680:007E idle  __osminor
 0680:007F       _errno
 0680:0081 idle  __StartTime
 0680:0085 idle  ___brklvl
 0680:0087       __heapbase
 0680:008B       __brklvl
 0680:008F       __heaptop
 0680:0094 idle  _TaskData
 0680:009E idle  _NumTasks
 0680:00A0 idle  _StartPoint
 0680:00A2 idle  _TaskIndex
 0680:00B6 idle  _msgBuffer1
 0680:00DE idle  _msgBuffer2
 0680:013E idle  _OSMapTbl
 0680:0146 idle  _OSUnMapTbl
 0680:0270       __atexitcnt
 0680:0272       __exitbuf
 0680:0276 idle  __exitfopen
 0680:027A idle  __exitopen
 0680:027E       __streams
 0680:040E       __nfile
 0680:0410       __openfd
 0680:0438 idle  __doserrno
 0680:043A idle  __dosErrorToSV
 0680:0494       __stklen
 0680:04FE       __wscroll
 0680:0500       __video
 0680:050F       _directvideo
 0680:054C       __cFlag
 0680:054D       __cChar
 0680:0554       __RealCvtVector
 0680:0556 idle  __ScanTodVector
 0680:0568 idle  _PrintBox
 0680:056C idle  _RandomSem
 0680:0570 idle  _TaskStartStk
 0680:0970 idle  _TaskStk
 0680:3170       _OSTickDOSCtr
 0680:3172 idle  _PC_TickISR
 0680:318E idle  _old_prio
 0680:3190 idle  _OSTime
 0680:3194 idle  _OSQTbl
 0680:31C4 idle  _OSQFreeList
 0680:31C8 idle  _OSMemTbl
 0680:322C idle  _OSMemFreeList
 0680:3230 idle  _OSTCBTbl
 0680:34A3 idle  _OSTCBPrioTbl
 0680:35A3       _OSTCBList
 0680:35A7       _OSTCBHighRdy
 0680:35AB idle  _OSTCBFreeList
 0680:35AF       _OSTCBCur
 0680:35B3 idle  _OSTaskIdleStk
 0680:39B3 idle  _OSIdleCtr
 0680:39B7 idle  _OSTaskCtr
 0680:39B8       _OSRunning
 0680:39B9 idle  _OSRdyTbl
 0680:39C1 idle  _OSRdyGrp
 0680:39C2       _OSPrioHighRdy
 0680:39C3       _OSPrioCur
 0680:39C4 idle  _OSLockNesting
 0680:39C5 idle  _OSIntExitY
 0680:39C6       _OSIntNesting
 0680:39C7 idle  _OSFlagFreeList
 0680:39CB idle  _OSFlagTbl
 0680:39EE idle  _OSEventTbl
 0680:3A0E idle  _OSEventFreeList
 0680:3A12 idle  _OSCtxSwCtr
 0680:3A16       __atexittbl

Program entry point at 0000:0000

